---
source: fuel-tx/src/transaction/types/input/snapshot_tests.rs
expression: json
snapshot_kind: text
---
{
  "Script": {
    "body": {
      "script_gas_limit": 0,
      "receipts_root": "0000000000000000000000000000000000000000000000000000000000000000",
      "script": [],
      "script_data": []
    },
    "policies": {
      "bits": "Tip | Maturity | MaxFee | Expiration | Owner",
      "values": [
        1,
        0,
        123,
        1000000,
        456,
        0
      ]
    },
    "inputs": [
      {
        "CoinPredicate": {
          "utxo_id": {
            "tx_id": "0101010101010101010101010101010101010101010101010101010101010101",
            "output_index": 2
          },
          "owner": "0202020202020202020202020202020202020202020202020202020202020202",
          "amount": 11,
          "asset_id": "0505050505050505050505050505050505050505050505050505050505050505",
          "tx_pointer": {
            "block_height": 46,
            "tx_index": 5
          },
          "witness_index": null,
          "predicate_gas_used": 100000,
          "predicate": [
            3,
            3,
            3,
            3,
            3,
            3,
            3,
            3,
            3,
            3
          ],
          "predicate_data": [
            4,
            4,
            4,
            4,
            4,
            4,
            4,
            4,
            4,
            4,
            4,
            4
          ]
        }
      }
    ],
    "outputs": [],
    "witnesses": []
  }
}
