---
source: fuel-tx/src/transaction/types/input/snapshot_tests.rs
expression: json
snapshot_kind: text
---
{
  "Script": {
    "body": {
      "script_gas_limit": 0,
      "receipts_root": "0000000000000000000000000000000000000000000000000000000000000000",
      "script": [],
      "script_data": []
    },
    "policies": {
      "bits": "Tip | Maturity | MaxFee | Expiration",
      "values": [
        1,
        123,
        1000000,
        456
      ]
    },
    "inputs": [
      {
        "MessageCoinPredicate": {
          "sender": "0202020202020202020202020202020202020202020202020202020202020202",
          "recipient": "0303030303030303030303030303030303030303030303030303030303030303",
          "amount": 4,
          "nonce": "0505050505050505050505050505050505050505050505050505050505050505",
          "witness_index": null,
          "predicate_gas_used": 100000,
          "data": null,
          "predicate": [
            7,
            7,
            7,
            7,
            7,
            7,
            7,
            7,
            7,
            7,
            7
          ],
          "predicate_data": [
            8,
            8,
            8,
            8,
            8,
            8,
            8,
            8,
            8,
            8,
            8,
            8
          ]
        }
      }
    ],
    "outputs": [],
    "witnesses": []
  }
}
